$ echo "errore1
> echo "errore1" >>lista.txt
>
> ^C
simone.pisoni@AULA74-PC28 MINGW64 /c/Users/simone.pisoni.ITIB/Desktop/git/spesa4 ((820bd2a...))
$ .git/||.git/
bash: .git/: Is a directory
bash: .git/: Is a directory
simone.pisoni@AULA74-PC28 MINGW64 /c/Users/simone.pisoni.ITIB/Desktop/git/spesa4 ((820bd2a...))
$ echo "errore1">>
.git/      lista.txt  README.md
simone.pisoni@AULA74-PC28 MINGW64 /c/Users/simone.pisoni.ITIB/Desktop/git/spesa4 ((820bd2a...))
$ echo "errore1">>
.git/      lista.txt  README.md
simone.pisoni@AULA74-PC28 MINGW64 /c/Users/simone.pisoni.ITIB/Desktop/git/spesa4 ((820bd2a...))
$ echo "errore1">>
.git/      lista.txt  README.md
simone.pisoni@AULA74-PC28 MINGW64 /c/Users/simone.pisoni.ITIB/Desktop/git/spesa4 ((820bd2a...))
$ echo "errore1">>
.git/      lista.txt  README.md
simone.pisoni@AULA74-PC28 MINGW64 /c/Users/simone.pisoni.ITIB/Desktop/git/spesa4 ((820bd2a...))
$ echo "errore1">>
.git/      lista.txt  README.md
simone.pisoni@AULA74-PC28 MINGW64 /c/Users/simone.pisoni.ITIB/Desktop/git/spesa4 ((820bd2a...))
$ echo "errore1">>
.git/      lista.txt  README.md
simone.pisoni@AULA74-PC28 MINGW64 /c/Users/simone.pisoni.ITIB/Desktop/git/spesa4 ((820bd2a...))
$ echo "errore1">>
.git/      lista.txt  README.md
simone.pisoni@AULA74-PC28 MINGW64 /c/Users/simone.pisoni.ITIB/Desktop/git/spesa4 ((820bd2a...))
$ echo "errore1">>
.git/      lista.txt  README.md
simone.pisoni@AULA74-PC28 MINGW64 /c/Users/simone.pisoni.ITIB/Desktop/git/spesa4 ((820bd2a...))
$ echo "errore1">>
.git/      lista.txt  README.md
simone.pisoni@AULA74-PC28 MINGW64 /c/Users/simone.pisoni.ITIB/Desktop/git/spesa4 ((820bd2a...))
$ echo "errore1">>
.git/      lista.txt  README.md
simone.pisoni@AULA74-PC28 MINGW64 /c/Users/simone.pisoni.ITIB/Desktop/git/spesa4 ((820bd2a...))
$ echo "errore1">>
.git/      lista.txt  README.md
simone.pisoni@AULA74-PC28 MINGW64 /c/Users/simone.pisoni.ITIB/Desktop/git/spesa4 ((820bd2a...))
$ echo "errore1">>
.git/      lista.txt  README.md
simone.pisoni@AULA74-PC28 MINGW64 /c/Users/simone.pisoni.ITIB/Desktop/git/spesa4 ((820bd2a...))
$ echo "errore1">>
.git/      lista.txt  README.md
simone.pisoni@AULA74-PC28 MINGW64 /c/Users/simone.pisoni.ITIB/Desktop/git/spesa4 ((820bd2a...))
$ echo "errore1">>lista.txt
simone.pisoni@AULA74-PC28 MINGW64 /c/Users/simone.pisoni.ITIB/Desktop/git/spesa4 ((820bd2a...))
$ git commit -am "erroremio"
warning: LF will be replaced by CRLF in lista.txt.
The file will have its original line endings in your working directory
[detached HEAD 0399367] erroremio
 1 file changed, 1 insertion(+)
simone.pisoni@AULA74-PC28 MINGW64 /c/Users/simone.pisoni.ITIB/Desktop/git/spesa4 ((0399367...))
$ git che
checkout      cherry        cherry-pick
simone.pisoni@AULA74-PC28 MINGW64 /c/Users/simone.pisoni.ITIB/Desktop/git/spesa4 ((0399367...))
$ git checkout master
Warning: you are leaving 1 commit behind, not connected to
any of your branches:
  0399367 erroremio
If you want to keep it by creating a new branch, this may be a good time
to do so with:
 git branch <new-branch-name> 0399367
Switched to branch 'master'
simone.pisoni@AULA74-PC28 MINGW64 /c/Users/simone.pisoni.ITIB/Desktop/git/spesa4 (master)
$ sl
bash: sl: command not found
simone.pisoni@AULA74-PC28 MINGW64 /c/Users/simone.pisoni.ITIB/Desktop/git/spesa4 (master)
$ ls
lista.txt  README.md
simone.pisoni@AULA74-PC28 MINGW64 /c/Users/simone.pisoni.ITIB/Desktop/git/spesa4 (master)
$ sl
bash: sl: command not found
simone.pisoni@AULA74-PC28 MINGW64 /c/Users/simone.pisoni.ITIB/Desktop/git/spesa4 (master)
$ sudo apt-get install sl
bash: sudo: command not found
simone.pisoni@AULA74-PC28 MINGW64 /c/Users/simone.pisoni.ITIB/Desktop/git/spesa4 (master)
$
simone.pisoni@AULA74-PC28 MINGW64 /c/Users/simone.pisoni.ITIB/Desktop/git/spesa4 (master)
$
simone.pisoni@AULA74-PC28 MINGW64 /c/Users/simone.pisoni.ITIB/Desktop/git/spesa4 (master)
$
simone.pisoni@AULA74-PC28 MINGW64 /c/Users/simone.pisoni.ITIB/Desktop/git/spesa4 (master)
$
simone.pisoni@AULA74-PC28 MINGW64 /c/Users/simone.pisoni.ITIB/Desktop/git/spesa4 (master)
$ 312654698798764564321321356456432132464687414313545643213213215641321321345421212132132132121321321321321321213211312
bash: 312654698798764564321321356456432132464687414313545643213213215641321321345421212132132132121321321321321321213211312: command not found
simone.pisoni@AULA74-PC28 MINGW64 /c/Users/simone.pisoni.ITIB/Desktop/git/spesa4 (master)
$ 1
bash: 1: command not found
1
simone.pisoni@AULA74-PC28 MINGW64 /c/Users/simone.pisoni.ITIB/Desktop/git/spesa4 (master)
$ 1
bash: 1: command not found
1
simone.pisoni@AULA74-PC28 MINGW64 /c/Users/simone.pisoni.ITIB/Desktop/git/spesa4 (master)
$ 1
bash: 1: command not found
1
simone.pisoni@AULA74-PC28 MINGW64 /c/Users/simone.pisoni.ITIB/Desktop/git/spesa4 (master)
$ 1
bash: 1: command not found
1
simone.pisoni@AULA74-PC28 MINGW64 /c/Users/simone.pisoni.ITIB/Desktop/git/spesa4 (master)
$ 1
bash: 1: command not found
1
simone.pisoni@AULA74-PC28 MINGW64 /c/Users/simone.pisoni.ITIB/Desktop/git/spesa4 (master)
$ 1
bash: 1: command not found
1
simone.pisoni@AULA74-PC28 MINGW64 /c/Users/simone.pisoni.ITIB/Desktop/git/spesa4 (master)
$ 112
bash: 112: command not found
simone.pisoni@AULA74-PC28 MINGW64 /c/Users/simone.pisoni.ITIB/Desktop/git/spesa4 (master)
$ 3
bash: 3: command not found
1
simone.pisoni@AULA74-PC28 MINGW64 /c/Users/simone.pisoni.ITIB/Desktop/git/spesa4 (master)
$ 1
bash: 1: command not found
31
simone.pisoni@AULA74-PC28 MINGW64 /c/Users/simone.pisoni.ITIB/Desktop/git/spesa4 (master)
$ 31
bash: 31: command not found
21
simone.pisoni@AULA74-PC28 MINGW64 /c/Users/simone.pisoni.ITIB/Desktop/git/spesa4 (master)
$ 2112
bash: 2112: command not found
simone.pisoni@AULA74-PC28 MINGW64 /c/Users/simone.pisoni.ITIB/Desktop/git/spesa4 (master)
$ 454
3bash: 454: command not found
214
simone.pisoni@AULA74-PC28 MINGW64 /c/Users/simone.pisoni.ITIB/Desktop/git/spesa4 (master)
$ 32143
bash: 32143: command not found
4
simone.pisoni@AULA74-PC28 MINGW64 /c/Users/simone.pisoni.ITIB/Desktop/git/spesa4 (master)
$ 434
4bash: 434: command not found
3
simone.pisoni@AULA74-PC28 MINGW64 /c/Users/simone.pisoni.ITIB/Desktop/git/spesa4 (master)
$ 431231453431
3bash: 431231453431: command not found
4
simone.pisoni@AULA74-PC28 MINGW64 /c/Users/simone.pisoni.ITIB/Desktop/git/spesa4 (master)
$ 343
4bash: 343: command not found
3
simone.pisoni@AULA74-PC28 MINGW64 /c/Users/simone.pisoni.ITIB/Desktop/git/spesa4 (master)
$ 4
bash: 4: command not found
1
simone.pisoni@AULA74-PC28 MINGW64 /c/Users/simone.pisoni.ITIB/Desktop/git/spesa4 (master)
$ 31
3bash: 31: command not found
4
simone.pisoni@AULA74-PC28 MINGW64 /c/Users/simone.pisoni.ITIB/Desktop/git/spesa4 (master)
$ 343
5bash: 343: command not found
4
simone.pisoni@AULA74-PC28 MINGW64 /c/Users/simone.pisoni.ITIB/Desktop/git/spesa4 (master)
$ 543
bash: 543: command not found
14
simone.pisoni@AULA74-PC28 MINGW64 /c/Users/simone.pisoni.ITIB/Desktop/git/spesa4 (master)
$ 143
4bash: 143: command not found
5
simone.pisoni@AULA74-PC28 MINGW64 /c/Users/simone.pisoni.ITIB/Desktop/git/spesa4 (master)
$ 45
4bash: 45: command not found
6
8
simone.pisoni@AULA74-PC28 MINGW64 /c/Users/simone.pisoni.ITIB/Desktop/git/spesa4 (master)
$ 46
bash: 46: command not found
76
simone.pisoni@AULA74-PC28 MINGW64 /c/Users/simone.pisoni.ITIB/Desktop/git/spesa4 (master)
$ 8764
bash: 8764: command not found
8
simone.pisoni@AULA74-PC28 MINGW64 /c/Users/simone.pisoni.ITIB/Desktop/git/spesa4 (master)
$ 8676
8bash: 8676: command not found
simone.pisoni@AULA74-PC28 MINGW64 /c/Users/simone.pisoni.ITIB/Desktop/git/spesa4 (master)
$ 89
9bash: 89: command not found
simone.pisoni@AULA74-PC28 MINGW64 /c/Users/simone.pisoni.ITIB/Desktop/git/spesa4 (master)
$ 9
9bash: 9: command not found
simone.pisoni@AULA74-PC28 MINGW64 /c/Users/simone.pisoni.ITIB/Desktop/git/spesa4 (master)
$ 9+++
bash: 9+++: command not found
simone.pisoni@AULA74-PC28 MINGW64 /c/Users/simone.pisoni.ITIB/Desktop/git/spesa4 (master)
$
+
simone.pisoni@AULA74-PC28 MINGW64 /c/Users/simone.pisoni.ITIB/Desktop/git/spesa4 (master)
$ ++
bash: ++: command not found
+
simone.pisoni@AULA74-PC28 MINGW64 /c/Users/simone.pisoni.ITIB/Desktop/git/spesa4 (master)
$ +
bash: +: command not found
simone.pisoni@AULA74-PC28 MINGW64 /c/Users/simone.pisoni.ITIB/Desktop/git/spesa4 (master)
$
simone.pisoni@AULA74-PC28 MINGW64 /c/Users/simone.pisoni.ITIB/Desktop/git/spesa4 (master)
$ git log --oneline --decorate --graph --all
* c255f92 (meloni) Aggiungo l'anguria
* f1c8bfb (fruttibosco) Aggiungo le more
* fd4934f (HEAD -> master) Aggiungo arancia
* 820bd2a Ho aggiunto le mele alla lista
* 4deed5e Ho aggiunto le banane alla lista
simone.pisoni@AULA74-PC28 MINGW64 /c/Users/simone.pisoni.ITIB/Desktop/git/spesa4 (master)
$ git log --oneline --decorate --graph --all
* c255f92 (meloni) Aggiungo l'anguria
* f1c8bfb (fruttibosco) Aggiungo le more
* fd4934f (HEAD -> master) Aggiungo arancia
* 820bd2a Ho aggiunto le mele alla lista
* 4deed5e Ho aggiunto le banane alla lista
simone.pisoni@AULA74-PC28 MINGW64 /c/Users/simone.pisoni.ITIB/Desktop/git/spesa4 (master)
$ git checkout errore
error: pathspec 'errore' did not match any file(s) known to git
simone.pisoni@AULA74-PC28 MINGW64 /c/Users/simone.pisoni.ITIB/Desktop/git/spesa4 (master)
$ git checkout -b errore
Switched to a new branch 'errore'
simone.pisoni@AULA74-PC28 MINGW64 /c/Users/simone.pisoni.ITIB/Desktop/git/spesa4 (errore)
$ git tag tagErrore
simone.pisoni@AULA74-PC28 MINGW64 /c/Users/simone.pisoni.ITIB/Desktop/git/spesa4 (errore)
$ git log --oneline --decorate --graph --all
* c255f92 (meloni) Aggiungo l'anguria
* f1c8bfb (fruttibosco) Aggiungo le more
* fd4934f (HEAD -> errore, tag: tagErrore, master) Aggiungo arancia
* 820bd2a Ho aggiunto le mele alla lista
* 4deed5e Ho aggiunto le banane alla lista
simone.pisoni@AULA74-PC28 MINGW64 /c/Users/simone.pisoni.ITIB/Desktop/git/spesa4 (errore)
$ git log --oneline --decorate --graph --all
* c255f92 (meloni) Aggiungo l'anguria
* f1c8bfb (fruttibosco) Aggiungo le more
* fd4934f (HEAD -> errore, tag: tagErrore, master) Aggiungo arancia
* 820bd2a Ho aggiunto le mele alla lista
* 4deed5e Ho aggiunto le banane alla lista
simone.pisoni@AULA74-PC28 MINGW64 /c/Users/simone.pisoni.ITIB/Desktop/git/spesa4 (errore)
$ git log --oneline --decorate --graph --all
* c255f92 (meloni) Aggiungo l'anguria
* f1c8bfb (fruttibosco) Aggiungo le more
* fd4934f (HEAD -> errore, tag: tagErrore, master) Aggiungo arancia
* 820bd2a Ho aggiunto le mele alla lista
* 4deed5e Ho aggiunto le banane alla lista
simone.pisoni@AULA74-PC28 MINGW64 /c/Users/simone.pisoni.ITIB/Desktop/git/spesa4 (errore)
$
simone.pisoni@AULA74-PC28 MINGW64 /c/Users/simone.pisoni.ITIB/Desktop/git/spesa4 (errore)
$ git log --oneline --decorate --graph --all
* c255f92 (meloni) Aggiungo l'anguria
* f1c8bfb (fruttibosco) Aggiungo le more
* fd4934f (HEAD -> errore, tag: tagErrore, master) Aggiungo arancia
* 820bd2a Ho aggiunto le mele alla lista
* 4deed5e Ho aggiunto le banane alla lista
simone.pisoni@AULA74-PC28 MINGW64 /c/Users/simone.pisoni.ITIB/Desktop/git/spesa4 (errore)
$ git log --oneline --decorate --graph --all
* c255f92 (meloni) Aggiungo l'anguria
* f1c8bfb (fruttibosco) Aggiungo le more
* fd4934f (HEAD -> errore, tag: tagErrore, master) Aggiungo arancia
* 820bd2a Ho aggiunto le mele alla lista
* 4deed5e Ho aggiunto le banane alla lista
simone.pisoni@AULA74-PC28 MINGW64 /c/Users/simone.pisoni.ITIB/Desktop/git/spesa4 (errore)
$ git log --oneline --decorate --graph --all
* c255f92 (meloni) Aggiungo l'anguria
* f1c8bfb (fruttibosco) Aggiungo le more
* fd4934f (HEAD -> errore, tag: tagErrore, master) Aggiungo arancia
* 820bd2a Ho aggiunto le mele alla lista
* 4deed5e Ho aggiunto le banane alla lista
simone.pisoni@AULA74-PC28 MINGW64 /c/Users/simone.pisoni.ITIB/Desktop/git/spesa4 (errore)
$ git log --oneline --decorate --graph --all
* c255f92 (meloni) Aggiungo l'anguria
* f1c8bfb (fruttibosco) Aggiungo le more
* fd4934f (HEAD -> errore, tag: tagErrore, master) Aggiungo arancia
* 820bd2a Ho aggiunto le mele alla lista
* 4deed5e Ho aggiunto le banane alla lista
simone.pisoni@AULA74-PC28 MINGW64 /c/Users/simone.pisoni.ITIB/Desktop/git/spesa4 (errore)
$ git log --oneline --decorate --graph --all
* c255f92 (meloni) Aggiungo l'anguria
* f1c8bfb (fruttibosco) Aggiungo le more
* fd4934f (HEAD -> errore, tag: tagErrore, master) Aggiungo arancia
* 820bd2a Ho aggiunto le mele alla lista
* 4deed5e Ho aggiunto le banane alla lista
simone.pisoni@AULA74-PC28 MINGW64 /c/Users/simone.pisoni.ITIB/Desktop/git/spesa4 (errore)
$ git log --oneline --decorate --graph --all
* c255f92 (meloni) Aggiungo l'anguria
* f1c8bfb (fruttibosco) Aggiungo le more
* fd4934f (HEAD -> errore, tag: tagErrore, master) Aggiungo arancia
* 820bd2a Ho aggiunto le mele alla lista
* 4deed5e Ho aggiunto le banane alla lista
simone.pisoni@AULA74-PC28 MINGW64 /c/Users/simone.pisoni.ITIB/Desktop/git/spesa4 (errore)
$ git log --oneline --decorate --graph --all
* c255f92 (meloni) Aggiungo l'anguria
* f1c8bfb (fruttibosco) Aggiungo le more
* fd4934f (HEAD -> errore, tag: tagErrore, master) Aggiungo arancia
* 820bd2a Ho aggiunto le mele alla lista
* 4deed5e Ho aggiunto le banane alla lista
simone.pisoni@AULA74-PC28 MINGW64 /c/Users/simone.pisoni.ITIB/Desktop/git/spesa4 (errore)
$ git checkout -b errore
fatal: A branch named 'errore' already exists.
simone.pisoni@AULA74-PC28 MINGW64 /c/Users/simone.pisoni.ITIB/Desktop/git/spesa4 (errore)
$
simone.pisoni@AULA74-PC28 MINGW64 /c/Users/simone.pisoni.ITIB/Desktop/git/spesa4 (errore)
$
simone.pisoni@AULA74-PC28 MINGW64 /c/Users/simone.pisoni.ITIB/Desktop/git/spesa4 (errore)
$
simone.pisoni@AULA74-PC28 MINGW64 /c/Users/simone.pisoni.ITIB/Desktop/git/spesa4 (errore)
$
simone.pisoni@AULA74-PC28 MINGW64 /c/Users/simone.pisoni.ITIB/Desktop/git/spesa4 (errore)
$
simone.pisoni@AULA74-PC28 MINGW64 /c/Users/simone.pisoni.ITIB/Desktop/git/spesa4 (errore)
$
simone.pisoni@AULA74-PC28 MINGW64 /c/Users/simone.pisoni.ITIB/Desktop/git/spesa4 (errore)
$
simone.pisoni@AULA74-PC28 MINGW64 /c/Users/simone.pisoni.ITIB/Desktop/git/spesa4 (errore)
$
simone.pisoni@AULA74-PC28 MINGW64 /c/Users/simone.pisoni.ITIB/Desktop/git/spesa4 (errore)
$
simone.pisoni@AULA74-PC28 MINGW64 /c/Users/simone.pisoni.ITIB/Desktop/git/spesa4 (errore)
$
simone.pisoni@AULA74-PC28 MINGW64 /c/Users/simone.pisoni.ITIB/Desktop/git/spesa4 (errore)
$
simone.pisoni@AULA74-PC28 MINGW64 /c/Users/simone.pisoni.ITIB/Desktop/git/spesa4 (errore)
$
simone.pisoni@AULA74-PC28 MINGW64 /c/Users/simone.pisoni.ITIB/Desktop/git/spesa4 (errore)
$
simone.pisoni@AULA74-PC28 MINGW64 /c/Users/simone.pisoni.ITIB/Desktop/git/spesa4 (errore)
$
simone.pisoni@AULA74-PC28 MINGW64 /c/Users/simone.pisoni.ITIB/Desktop/git/spesa4 (errore)
$
simone.pisoni@AULA74-PC28 MINGW64 /c/Users/simone.pisoni.ITIB/Desktop/git/spesa4 (errore)
$
simone.pisoni@AULA74-PC28 MINGW64 /c/Users/simone.pisoni.ITIB/Desktop/git/spesa4 (errore)
$
simone.pisoni@AULA74-PC28 MINGW64 /c/Users/simone.pisoni.ITIB/Desktop/git/spesa4 (errore)
$
simone.pisoni@AULA74-PC28 MINGW64 /c/Users/simone.pisoni.ITIB/Desktop/git/spesa4 (errore)
$
simone.pisoni@AULA74-PC28 MINGW64 /c/Users/simone.pisoni.ITIB/Desktop/git/spesa4 (errore)
$
simone.pisoni@AULA74-PC28 MINGW64 /c/Users/simone.pisoni.ITIB/Desktop/git/spesa4 (errore)
$
simone.pisoni@AULA74-PC28 MINGW64 /c/Users/simone.pisoni.ITIB/Desktop/git/spesa4 (errore)
$
simone.pisoni@AULA74-PC28 MINGW64 /c/Users/simone.pisoni.ITIB/Desktop/git/spesa4 (errore)
$
simone.pisoni@AULA74-PC28 MINGW64 /c/Users/simone.pisoni.ITIB/Desktop/git/spesa4 (errore)
$
simone.pisoni@AULA74-PC28 MINGW64 /c/Users/simone.pisoni.ITIB/Desktop/git/spesa4 (errore)
$
simone.pisoni@AULA74-PC28 MINGW64 /c/Users/simone.pisoni.ITIB/Desktop/git/spesa4 (errore)
$
simone.pisoni@AULA74-PC28 MINGW64 /c/Users/simone.pisoni.ITIB/Desktop/git/spesa4 (errore)
$
simone.pisoni@AULA74-PC28 MINGW64 /c/Users/simone.pisoni.ITIB/Desktop/git/spesa4 (errore)
$
simone.pisoni@AULA74-PC28 MINGW64 /c/Users/simone.pisoni.ITIB/Desktop/git/spesa4 (errore)
$ git tag tagErrore
fatal: tag 'tagErrore' already exists
simone.pisoni@AULA74-PC28 MINGW64 /c/Users/simone.pisoni.ITIB/Desktop/git/spesa4 (errore)
$ git log --oneline --decorate --graph --all
* c255f92 (meloni) Aggiungo l'anguria
* f1c8bfb (fruttibosco) Aggiungo le more
* fd4934f (HEAD -> errore, tag: tagErrore, master) Aggiungo arancia
* 820bd2a Ho aggiunto le mele alla lista
* 4deed5e Ho aggiunto le banane alla lista
simone.pisoni@AULA74-PC28 MINGW64 /c/Users/simone.pisoni.ITIB/Desktop/git/spesa4 (errore)
$ echo "altroerrore">>
.git/      lista.txt  README.md
simone.pisoni@AULA74-PC28 MINGW64 /c/Users/simone.pisoni.ITIB/Desktop/git/spesa4 (errore)
$ echo "altroerrore">>lista.txt
simone.pisoni@AULA74-PC28 MINGW64 /c/Users/simone.pisoni.ITIB/Desktop/git/spesa4 (errore)
$ git commit -am "altro errore"
warning: LF will be replaced by CRLF in lista.txt.
The file will have its original line endings in your working directory
[errore f7f2aaf] altro errore
 1 file changed, 1 insertion(+)
simone.pisoni@AULA74-PC28 MINGW64 /c/Users/simone.pisoni.ITIB/Desktop/git/spesa4 (errore)
$ git log --oneline --decorate --graph --all
* f7f2aaf (HEAD -> errore) altro errore
| * c255f92 (meloni) Aggiungo l'anguria
| * f1c8bfb (fruttibosco) Aggiungo le more
|/
* fd4934f (tag: tagErrore, master) Aggiungo arancia
* 820bd2a Ho aggiunto le mele alla lista
* 4deed5e Ho aggiunto le banane alla lista
simone.pisoni@AULA74-PC28 MINGW64 /c/Users/simone.pisoni.ITIB/Desktop/git/spesa4 (errore)
$ cat .git/refs/tags/tagErrore
fd4934fa6a969b836ddc7f2e4da59891fae66722
simone.pisoni@AULA74-PC28 MINGW64 /c/Users/simone.pisoni.ITIB/Desktop/git/spesa4 (errore)
$ Function Key 11
bash: Function: command not found
simone.pisoni@AULA74-PC28 MINGW64 /c/Users/simone.pisoni.ITIB/Desktop/git/spesa4 (errore)
$
simone.pisoni@AULA74-PC28 MINGW64 /c/Users/simone.pisoni.ITIB/Desktop/git/spesa4 (errore)
$
[alias]
    lg = log --color --graph --pretty=format:'%Cred%h%Creset -%C(yellow)%d%Creset %s %Cgreen(%cr) %C(bold blue)<%an>%Creset' --abbrev-commit --branches
 log --color --graph --pretty=format:'%Cred%h%Creset -%C(yellow)%d%Creset %s %Cgreen(%cr) %C(bold blue)<%an>%Creset' --abbrev-commit --branches
git  log --color --graph --pretty=format:'%Cred%h%Creset -%C(yellow)%d%Creset %s %Cgreen(%cr) %C(bold blue)<%an>%Creset' --abbrev-commit --branches
alias
alias log --color --graph --pretty=format:'%Cred%h%Creset -%C(yellow)%d%Creset %s %Cgreen(%cr) %C(bold blue)<%an>%Creset' --abbrev-commit --branches
alias lg= log --color --graph --pretty=format:'%Cred%h%Creset -%C(yellow)%d%Creset %s %Cgreen(%cr) %C(bold blue)<%an>%Creset' --abbrev-commit --branches
alias lg=git  log --color --graph --pretty=format:'%Cred%h%Creset -%C(yellow)%d%Creset %s %Cgreen(%cr) %C(bold blue)<%an>%Creset' --abbrev-commit --branches
alias | grep glg -
glg='git log --stat'
glgg='git log --graph'
glgga='git log --graph --decorate --all'
glgm='git log --graph --max-count=10'
glgp='git log --stat -p'
alias
ll
lg --
lg
alias | grep glg - glg='git log --stat' 
alias | grep glg 
alias | grep glg  -
alias
--
-- --pretty
--pretty
git lg
git lig
lg
lig
git lg
git lig
git glgg
git glgga
git glgm
git glgp
git lg
gg
git gg
gg
git gg
git gg
git gg
git gwc
gwc
git gts
git gts
git gws
git gwc
git lg
git ggpull
alias ggpull='git pull origin $(current_branch)'
alias
ggpull
git gb
git gd
git gba
git ga
git glgg
git glgga
git glgga
git glggo
git telch
git lg
git log --oneline 
git simo
git lg
git glggo
git glggo
git simo
git glgga
git lg
esc
exi
git log
git log
git loog
git lf
git lfs
lg
g
git lg
git rh
git rhh
git lf
git lg
git light on
desw    log = log --color --graph --pretty=format:'%Cred%h%Creset -%C(yellow)%d%Creset %s %Cgreen(%cr) %C(bold blue)<%an>%Creset' --abbrev-commit --branches
git telchino
git lg
 git rhs
git lg
git gco HEAD^
 git rhs
git lg
git push
git add .
git commit -am "manuale sql"
git push
